Release 14.4 - xst P.49d (nt64)
Copyright (c) 1995-2012 Xilinx, Inc.  All rights reserved.
--> Parameter TMPDIR set to xst/projnav.tmp


Total REAL time to Xst completion: 1.00 secs
Total CPU time to Xst completion: 0.20 secs
 
--> Parameter xsthdpdir set to xst


Total REAL time to Xst completion: 1.00 secs
Total CPU time to Xst completion: 0.20 secs
 
--> Reading design: pipelined_5_stage_cpu.prj

TABLE OF CONTENTS
  1) Synthesis Options Summary
  2) HDL Parsing
  3) HDL Elaboration
  4) HDL Synthesis
       4.1) HDL Synthesis Report
  5) Advanced HDL Synthesis
       5.1) Advanced HDL Synthesis Report
  6) Low Level Synthesis
  7) Partition Report
  8) Design Summary
       8.1) Primitive and Black Box Usage
       8.2) Device utilization summary
       8.3) Partition Resource Summary
       8.4) Timing Report
            8.4.1) Clock Information
            8.4.2) Asynchronous Control Signals Information
            8.4.3) Timing Summary
            8.4.4) Timing Details
            8.4.5) Cross Clock Domains Report


=========================================================================
*                      Synthesis Options Summary                        *
=========================================================================
---- Source Parameters
Input File Name                    : "pipelined_5_stage_cpu.prj"
Ignore Synthesis Constraint File   : NO

---- Target Parameters
Output File Name                   : "pipelined_5_stage_cpu"
Output Format                      : NGC
Target Device                      : xc6slx4-3-csg225

---- Source Options
Top Module Name                    : pipelined_5_stage_cpu
Automatic FSM Extraction           : YES
FSM Encoding Algorithm             : Auto
Safe Implementation                : No
FSM Style                          : LUT
RAM Extraction                     : Yes
RAM Style                          : Auto
ROM Extraction                     : Yes
Shift Register Extraction          : YES
ROM Style                          : Auto
Resource Sharing                   : YES
Asynchronous To Synchronous        : NO
Shift Register Minimum Size        : 2
Use DSP Block                      : Auto
Automatic Register Balancing       : No

---- Target Options
LUT Combining                      : Auto
Reduce Control Sets                : Auto
Add IO Buffers                     : YES
Global Maximum Fanout              : 100000
Add Generic Clock Buffer(BUFG)     : 16
Register Duplication               : YES
Optimize Instantiated Primitives   : NO
Use Clock Enable                   : Auto
Use Synchronous Set                : Auto
Use Synchronous Reset              : Auto
Pack IO Registers into IOBs        : Auto
Equivalent register Removal        : YES

---- General Options
Optimization Goal                  : Speed
Optimization Effort                : 1
Power Reduction                    : NO
Keep Hierarchy                     : No
Netlist Hierarchy                  : As_Optimized
RTL Output                         : Yes
Global Optimization                : AllClockNets
Read Cores                         : YES
Write Timing Constraints           : NO
Cross Clock Analysis               : NO
Hierarchy Separator                : /
Bus Delimiter                      : <>
Case Specifier                     : Maintain
Slice Utilization Ratio            : 100
BRAM Utilization Ratio             : 100
DSP48 Utilization Ratio            : 100
Auto BRAM Packing                  : NO
Slice Utilization Ratio Delta      : 5

=========================================================================


=========================================================================
*                          HDL Parsing                                  *
=========================================================================
Analyzing Verilog file "C:\Users\jwong048\Desktop\CZ3001_Project\regfile.v" into library work
Parsing verilog file "define.v" included at line 2.
Parsing module <regfile>.
Analyzing Verilog file "C:\Users\jwong048\Desktop\CZ3001_Project\PC.v" into library work
Parsing verilog file "define.v" included at line 1.
Parsing module <PC1>.
Analyzing Verilog file "C:\Users\jwong048\Desktop\CZ3001_Project\MEM_WB_stage.v" into library work
Parsing verilog file "define.v" included at line 1.
Parsing module <MEM_WB_stage>.
Analyzing Verilog file "C:\Users\jwong048\Desktop\CZ3001_Project\memory.v" into library work
Parsing verilog file "define.v" included at line 1.
Parsing module <memory>.
Analyzing Verilog file "C:\Users\jwong048\Desktop\CZ3001_Project\ID_EXEstage.v" into library work
Parsing verilog file "define.v" included at line 1.
Parsing module <ID_EXE_stage>.
Analyzing Verilog file "C:\Users\jwong048\Desktop\CZ3001_Project\EX_MEM_stage.v" into library work
Parsing verilog file "define.v" included at line 1.
Parsing module <EX_MEM_stage>.
Analyzing Verilog file "C:\Users\jwong048\Desktop\CZ3001_Project\dmemory.v" into library work
Parsing verilog file "define.v" included at line 2.
Parsing module <dmemory>.
Analyzing Verilog file "C:\Users\jwong048\Desktop\CZ3001_Project\control.v" into library work
Parsing verilog file "define.v" included at line 3.
Parsing module <control>.
Analyzing Verilog file "C:\Users\jwong048\Desktop\CZ3001_Project\alu.v" into library work
Parsing verilog file "define.v" included at line 1.
Parsing module <alu>.
Analyzing Verilog file "C:\Users\jwong048\Desktop\CZ3001_Project\pipelined_5_stage_cpu.v" into library work
Parsing verilog file "define.v" included at line 2.
Parsing module <pipelined_5_stage_cpu>.

=========================================================================
*                            HDL Elaboration                            *
=========================================================================
WARNING:HDLCompiler:1016 - "C:\Users\jwong048\Desktop\CZ3001_Project\pipelined_5_stage_cpu.v" Line 167: Port jr_cntrl is not connected to this instance

Elaborating module <pipelined_5_stage_cpu>.

Elaborating module <PC1>.

Elaborating module <memory>.
WARNING:HDLCompiler:295 - "C:\Users\jwong048\Desktop\CZ3001_Project\memory.v" Line 37: case condition never applies
"C:\Users\jwong048\Desktop\CZ3001_Project\memory.v" Line 40. $write Opening Fileid 0\n
WARNING:HDLCompiler:816 - "C:\Users\jwong048\Desktop\CZ3001_Project\memory.v" Line 42: System function call feof not supported
WARNING:HDLCompiler:817 - "C:\Users\jwong048\Desktop\CZ3001_Project\memory.v" Line 55: System task fclose ignored for synthesis

Elaborating module <dmemory>.
WARNING:HDLCompiler:295 - "C:\Users\jwong048\Desktop\CZ3001_Project\dmemory.v" Line 57: case condition never applies
"C:\Users\jwong048\Desktop\CZ3001_Project\dmemory.v" Line 59. $write Opening Fileid 0\n
WARNING:HDLCompiler:816 - "C:\Users\jwong048\Desktop\CZ3001_Project\dmemory.v" Line 61: System function call feof not supported
WARNING:HDLCompiler:817 - "C:\Users\jwong048\Desktop\CZ3001_Project\dmemory.v" Line 74: System task fclose ignored for synthesis
WARNING:HDLCompiler:1127 - "C:\Users\jwong048\Desktop\CZ3001_Project\dmemory.v" Line 44: Assignment to addr_r ignored, since the identifier is never used

Elaborating module <control>.

Elaborating module <regfile>.

Elaborating module <ID_EXE_stage>.

Elaborating module <alu>.
WARNING:HDLCompiler:295 - "C:\Users\jwong048\Desktop\CZ3001_Project\alu.v" Line 32: case condition never applies

Elaborating module <EX_MEM_stage>.

Elaborating module <MEM_WB_stage>.

=========================================================================
*                           HDL Synthesis                               *
=========================================================================

Synthesizing Unit <pipelined_5_stage_cpu>.
    Related source file is "C:\Users\jwong048\Desktop\CZ3001_Project\pipelined_5_stage_cpu.v".
INFO:Xst:3210 - "C:\Users\jwong048\Desktop\CZ3001_Project\pipelined_5_stage_cpu.v" line 167: Output port <jr_cntrl> of the instance <C0> is unconnected or connected to loadless signal.
INFO:Xst:3210 - "C:\Users\jwong048\Desktop\CZ3001_Project\pipelined_5_stage_cpu.v" line 167: Output port <jump_cntrl> of the instance <C0> is unconnected or connected to loadless signal.
INFO:Xst:3210 - "C:\Users\jwong048\Desktop\CZ3001_Project\pipelined_5_stage_cpu.v" line 167: Output port <jal_cntrl> of the instance <C0> is unconnected or connected to loadless signal.
    Found 32-bit adder for signal <PCIN> created at line 115.
    Found 32-bit adder for signal <res> created at line 118.
    Summary:
	inferred   2 Adder/Subtractor(s).
	inferred   5 Multiplexer(s).
Unit <pipelined_5_stage_cpu> synthesized.

Synthesizing Unit <PC1>.
    Related source file is "C:\Users\jwong048\Desktop\CZ3001_Project\PC.v".
    Found 32-bit register for signal <currPC>.
    Summary:
	inferred  32 D-type flip-flop(s).
Unit <PC1> synthesized.

Synthesizing Unit <memory>.
    Related source file is "C:\Users\jwong048\Desktop\CZ3001_Project\memory.v".
WARNING:Xst:647 - Input <fileid> is never used. This port will be preserved and left unconnected if it belongs to a top-level block or it belongs to a sub-block and the hierarchy of this sub-block is preserved.
    Found 1024x32-bit dual-port RAM <Mram_memory> for signal <memory>.
    Found 10-bit register for signal <addr_r<9:0>>.
    Summary:
	inferred   1 RAM(s).
	inferred  10 D-type flip-flop(s).
Unit <memory> synthesized.

Synthesizing Unit <dmemory>.
    Related source file is "C:\Users\jwong048\Desktop\CZ3001_Project\dmemory.v".
WARNING:Xst:647 - Input <addr<31:10>> is never used. This port will be preserved and left unconnected if it belongs to a top-level block or it belongs to a sub-block and the hierarchy of this sub-block is preserved.
WARNING:Xst:647 - Input <fileid> is never used. This port will be preserved and left unconnected if it belongs to a top-level block or it belongs to a sub-block and the hierarchy of this sub-block is preserved.
    Found 1024x32-bit single-port RAM <Mram_memory> for signal <memory>.
    Summary:
	inferred   1 RAM(s).
	inferred   2 Multiplexer(s).
Unit <dmemory> synthesized.

Synthesizing Unit <control>.
    Related source file is "C:\Users\jwong048\Desktop\CZ3001_Project\control.v".
    Summary:
	inferred   1 Multiplexer(s).
Unit <control> synthesized.

Synthesizing Unit <regfile>.
    Related source file is "C:\Users\jwong048\Desktop\CZ3001_Project\regfile.v".
    Found 1024-bit register for signal <n0052>.
    Found 32-bit 32-to-1 multiplexer for signal <waddr[4]_regdata[31][31]_wide_mux_2_OUT> created at line 49.
    Found 32-bit 32-to-1 multiplexer for signal <raddr1[4]_regdata[31][31]_wide_mux_40_OUT> created at line 52.
    Found 32-bit 32-to-1 multiplexer for signal <raddr2[4]_regdata[31][31]_wide_mux_43_OUT> created at line 54.
    Found 5-bit comparator equal for signal <waddr[4]_raddr1[4]_equal_40_o> created at line 52
    Found 5-bit comparator equal for signal <waddr[4]_raddr2[4]_equal_43_o> created at line 54
    Summary:
	inferred 1024 D-type flip-flop(s).
	inferred   2 Comparator(s).
	inferred  38 Multiplexer(s).
Unit <regfile> synthesized.

Synthesizing Unit <ID_EXE_stage>.
    Related source file is "C:\Users\jwong048\Desktop\CZ3001_Project\ID_EXEstage.v".
    Found 32-bit register for signal <rdata1_out_ID_EXE>.
    Found 32-bit register for signal <rdata2_out_ID_EXE>.
    Found 32-bit register for signal <imm_out_ID_EXE>.
    Found 3-bit register for signal <opcode_out_ID_EXE>.
    Found 1-bit register for signal <alusrc_out_ID_EXE>.
    Found 1-bit register for signal <memWrite_out_ID_EXE>.
    Found 1-bit register for signal <memRead_out_ID_EXE>.
    Found 1-bit register for signal <memToReg_out_ID_EXE>.
    Found 1-bit register for signal <WriteEn_out_ID_EXE>.
    Found 1-bit register for signal <branch_out_ID_EXE>.
    Found 32-bit register for signal <npc_out_ID_EXE>.
    Found 5-bit register for signal <waddr_out_ID_EXE>.
    Summary:
	inferred 142 D-type flip-flop(s).
Unit <ID_EXE_stage> synthesized.

Synthesizing Unit <alu>.
    Related source file is "C:\Users\jwong048\Desktop\CZ3001_Project\alu.v".
    Found 32-bit subtractor for signal <a[31]_b[31]_sub_2_OUT> created at line 25.
    Found 32-bit adder for signal <a[31]_b[31]_add_7_OUT> created at line 31.
    Found 32x32-bit multiplier for signal <n0016> created at line 29.
    Found 32-bit 7-to-1 multiplexer for signal <out> created at line 23.
    Found 32-bit comparator lessequal for signal <n0003> created at line 28
    Summary:
	inferred   1 Multiplier(s).
	inferred   2 Adder/Subtractor(s).
	inferred   1 Comparator(s).
	inferred   1 Multiplexer(s).
Unit <alu> synthesized.

Synthesizing Unit <EX_MEM_stage>.
    Related source file is "C:\Users\jwong048\Desktop\CZ3001_Project\EX_MEM_stage.v".
    Found 32-bit register for signal <rdata2_out_EX_MEM>.
    Found 32-bit register for signal <alu_result_out_EX_MEM>.
    Found 1-bit register for signal <memWrite_out_EX_MEM>.
    Found 1-bit register for signal <memRead_out_EX_MEM>.
    Found 1-bit register for signal <memToReg_out_EX_MEM>.
    Found 1-bit register for signal <WriteEn_out_EX_MEM>.
    Found 5-bit register for signal <waddr_out_EX_MEM>.
    Summary:
	inferred  73 D-type flip-flop(s).
Unit <EX_MEM_stage> synthesized.

Synthesizing Unit <MEM_WB_stage>.
    Related source file is "C:\Users\jwong048\Desktop\CZ3001_Project\MEM_WB_stage.v".
    Found 5-bit register for signal <waddr_out_MEM_WB>.
    Found 1-bit register for signal <memToReg_out_MEM_WB>.
    Found 1-bit register for signal <WriteEn_out_MEM_WB>.
    Found 32-bit register for signal <rdata_DM_out_MEM_WB>.
    Found 32-bit register for signal <alu_result_out_MEM_WB>.
    Summary:
	inferred  71 D-type flip-flop(s).
Unit <MEM_WB_stage> synthesized.

=========================================================================
HDL Synthesis Report

Macro Statistics
# RAMs                                                 : 2
 1024x32-bit dual-port RAM                             : 1
 1024x32-bit single-port RAM                           : 1
# Multipliers                                          : 1
 32x32-bit multiplier                                  : 1
# Adders/Subtractors                                   : 4
 32-bit adder                                          : 3
 32-bit subtractor                                     : 1
# Registers                                            : 27
 1-bit register                                        : 12
 10-bit register                                       : 1
 1024-bit register                                     : 1
 3-bit register                                        : 1
 32-bit register                                       : 9
 5-bit register                                        : 3
# Comparators                                          : 3
 32-bit comparator lessequal                           : 1
 5-bit comparator equal                                : 2
# Multiplexers                                         : 47
 1-bit 2-to-1 multiplexer                              : 1
 3-bit 2-to-1 multiplexer                              : 1
 32-bit 2-to-1 multiplexer                             : 40
 32-bit 32-to-1 multiplexer                            : 3
 32-bit 7-to-1 multiplexer                             : 1
 5-bit 2-to-1 multiplexer                              : 1
# Xors                                                 : 1
 32-bit xor2                                           : 1

=========================================================================
INFO:Xst:1767 - HDL ADVISOR - Resource sharing has identified that some arithmetic operations in this design can share the same physical resources for reduced device utilization. For improved clock frequency you may try to disable resource sharing.

=========================================================================
*                       Advanced HDL Synthesis                          *
=========================================================================


Synthesizing (advanced) Unit <pipelined_5_stage_cpu>.
INFO:Xst:3226 - The RAM <im/Mram_memory> will be implemented as a BLOCK RAM, absorbing the following register(s): <im/addr_r>
    -----------------------------------------------------------------------
    | ram_type           | Block                               |          |
    -----------------------------------------------------------------------
    | Port A                                                              |
    |     aspect ratio   | 1024-word x 32-bit                  |          |
    |     mode           | write-first                         |          |
    |     clkA           | connected to signal <clk>           | rise     |
    |     weA            | connected to signal <GND>           | high     |
    |     addrA          | connected to signal <PCOUT<9:0>>    |          |
    |     diA            | connected to signal <GND>           |          |
    |     doA            | connected to signal <INST>          |          |
    -----------------------------------------------------------------------
    | optimization       | speed                               |          |
    -----------------------------------------------------------------------
INFO:Xst:3225 - The RAM <dm/Mram_memory> will be implemented as BLOCK RAM
    -----------------------------------------------------------------------
    | ram_type           | Block                               |          |
    -----------------------------------------------------------------------
    | Port A                                                              |
    |     aspect ratio   | 1024-word x 32-bit                  |          |
    |     mode           | write-first                         |          |
    |     clkA           | connected to signal <clk>           | rise     |
    |     weA            | connected to internal node          | high     |
    |     addrA          | connected to signal <alu_result_EX_MEM<9:0>> |          |
    |     diA            | connected to signal <rdata2_EX_MEM> |          |
    -----------------------------------------------------------------------
    | optimization       | speed                               |          |
    -----------------------------------------------------------------------
    | Port B                                                              |
    |     aspect ratio   | 1024-word x 32-bit                  |          |
    |     mode           | write-first                         |          |
    |     clkB           | connected to signal <clk>           | rise     |
    |     addrB          | connected to signal <aluout<9:0>>   |          |
    |     doB            | connected to internal node          |          |
    -----------------------------------------------------------------------
    | optimization       | speed                               |          |
    -----------------------------------------------------------------------
Unit <pipelined_5_stage_cpu> synthesized (advanced).

=========================================================================
Advanced HDL Synthesis Report

Macro Statistics
# RAMs                                                 : 2
 1024x32-bit dual-port block RAM                       : 1
 1024x32-bit single-port block RAM                     : 1
# Multipliers                                          : 1
 32x32-bit multiplier                                  : 1
# Adders/Subtractors                                   : 4
 32-bit adder                                          : 3
 32-bit subtractor                                     : 1
# Registers                                            : 1342
 Flip-Flops                                            : 1342
# Comparators                                          : 3
 32-bit comparator lessequal                           : 1
 5-bit comparator equal                                : 2
# Multiplexers                                         : 47
 1-bit 2-to-1 multiplexer                              : 1
 3-bit 2-to-1 multiplexer                              : 1
 32-bit 2-to-1 multiplexer                             : 40
 32-bit 32-to-1 multiplexer                            : 3
 32-bit 7-to-1 multiplexer                             : 1
 5-bit 2-to-1 multiplexer                              : 1
# Xors                                                 : 1
 32-bit xor2                                           : 1

=========================================================================

=========================================================================
*                         Low Level Synthesis                           *
=========================================================================
INFO:Xst:2261 - The FF/Latch <imm_out_ID_EXE_15> in Unit <ID_EXE_stage> is equivalent to the following 16 FFs/Latches, which will be removed : <imm_out_ID_EXE_16> <imm_out_ID_EXE_17> <imm_out_ID_EXE_18> <imm_out_ID_EXE_19> <imm_out_ID_EXE_20> <imm_out_ID_EXE_21> <imm_out_ID_EXE_22> <imm_out_ID_EXE_23> <imm_out_ID_EXE_24> <imm_out_ID_EXE_25> <imm_out_ID_EXE_26> <imm_out_ID_EXE_27> <imm_out_ID_EXE_28> <imm_out_ID_EXE_29> <imm_out_ID_EXE_30> <imm_out_ID_EXE_31> 
WARNING:Xst:2677 - Node <Mmult_n00163> of sequential type is unconnected in block <alu>.

Optimizing unit <ID_EXE_stage> ...

Optimizing unit <MEM_WB_stage> ...

Optimizing unit <pipelined_5_stage_cpu> ...

Optimizing unit <regfile> ...

Optimizing unit <alu> ...

Mapping all equations...
Building and optimizing final netlist ...
Found area constraint ratio of 100 (+ 5) on block pipelined_5_stage_cpu, actual ratio is 141.
Optimizing block <pipelined_5_stage_cpu> to meet ratio 100 (+ 5) of 600 slices :
WARNING:Xst:2254 - Area constraint could not be met for block <pipelined_5_stage_cpu>, final ratio is 144.
FlipFlop PIPE1/alusrc_out_ID_EXE has been replicated 1 time(s)
FlipFlop PIPE1/imm_out_ID_EXE_15 has been replicated 1 time(s)

Final Macro Processing ...

=========================================================================
Final Register Report

Macro Statistics
# Registers                                            : 1328
 Flip-Flops                                            : 1328

=========================================================================

=========================================================================
*                           Partition Report                            *
=========================================================================

Partition Implementation Status
-------------------------------

  No Partitions were found in this design.

-------------------------------

=========================================================================
*                            Design Summary                             *
=========================================================================

Top Level Output File Name         : pipelined_5_stage_cpu.ngc

Primitive and Black Box Usage:
------------------------------
# BELS                             : 2989
#      GND                         : 1
#      INV                         : 1
#      LUT1                        : 31
#      LUT2                        : 33
#      LUT3                        : 70
#      LUT4                        : 95
#      LUT5                        : 1173
#      LUT6                        : 1220
#      MUXCY                       : 139
#      MUXF7                       : 97
#      VCC                         : 1
#      XORCY                       : 128
# FlipFlops/Latches                : 1328
#      FDR                         : 1321
#      FDS                         : 7
# RAMS                             : 4
#      RAMB16BWER                  : 4
# Clock Buffers                    : 1
#      BUFGP                       : 1
# IO Buffers                       : 549
#      IBUF                        : 1
#      OBUF                        : 548
# DSPs                             : 3
#      DSP48A1                     : 3

Device utilization summary:
---------------------------

Selected Device : 6slx4csg225-3 


Slice Logic Utilization: 
 Number of Slice Registers:            1328  out of   4800    27%  
 Number of Slice LUTs:                 2623  out of   2400   109% (*) 
    Number used as Logic:              2623  out of   2400   109% (*) 

Slice Logic Distribution: 
 Number of LUT Flip Flop pairs used:   2756
   Number with an unused Flip Flop:    1428  out of   2756    51%  
   Number with an unused LUT:           133  out of   2756     4%  
   Number of fully used LUT-FF pairs:  1195  out of   2756    43%  
   Number of unique control sets:         1

IO Utilization: 
 Number of IOs:                         554
 Number of bonded IOBs:                 550  out of    132   416% (*) 

Specific Feature Utilization:
 Number of Block RAM/FIFO:                4  out of     12    33%  
    Number using Block RAM only:          4
 Number of BUFG/BUFGCTRLs:                1  out of     16     6%  
 Number of DSP48A1s:                      3  out of      8    37%  

WARNING:Xst:1336 -  (*) More than 100% of Device resources are used

---------------------------
Partition Resource Summary:
---------------------------

  No Partitions were found in this design.

---------------------------


=========================================================================
Timing Report

NOTE: THESE TIMING NUMBERS ARE ONLY A SYNTHESIS ESTIMATE.
      FOR ACCURATE TIMING INFORMATION PLEASE REFER TO THE TRACE REPORT
      GENERATED AFTER PLACE-and-ROUTE.

Clock Information:
------------------
-----------------------------------+------------------------+-------+
Clock Signal                       | Clock buffer(FF name)  | Load  |
-----------------------------------+------------------------+-------+
clk                                | BUFGP                  | 1335  |
-----------------------------------+------------------------+-------+

Asynchronous Control Signals Information:
----------------------------------------
No asynchronous control signals found in this design

Timing Summary:
---------------
Speed Grade: -3

   Minimum period: 17.134ns (Maximum Frequency: 58.363MHz)
   Minimum input arrival time before clock: 4.918ns
   Maximum output required time after clock: 19.633ns
   Maximum combinational path delay: No path found

Timing Details:
---------------
All values displayed in nanoseconds (ns)

=========================================================================
Timing constraint: Default period analysis for Clock 'clk'
  Clock period: 17.134ns (frequency: 58.363MHz)
  Total number of paths / destination ports: 1853799597 / 1477
-------------------------------------------------------------------------
Delay:               17.134ns (Levels of Logic = 32)
  Source:            PIPE1/alusrc_out_ID_EXE_1 (FF)
  Destination:       pc/currPC_31 (FF)
  Source Clock:      clk rising
  Destination Clock: clk rising

  Data Path: PIPE1/alusrc_out_ID_EXE_1 to pc/currPC_31
                                Gate     Net
    Cell:in->out      fanout   Delay   Delay  Logical Name (Net Name)
    ----------------------------------------  ------------
     FDR:C->Q             17   0.447   1.028  PIPE1/alusrc_out_ID_EXE_1 (PIPE1/alusrc_out_ID_EXE_1)
     LUT3:I2->O            5   0.205   0.714  Mmux_rdata2_imm_ID_EXE321 (rdata2_imm_ID_EXE_9_OBUF)
     DSP48A1:B9->P47      18   4.394   1.049  ALU0/Mmult_n0016 (ALU0/Mmult_n0016_P47_to_Mmult_n00161)
     DSP48A1:C30->PCOUT47    1   2.689   0.000  ALU0/Mmult_n00161 (ALU0/Mmult_n00161_PCOUT_to_Mmult_n00162_PCIN_47)
     DSP48A1:PCIN47->P8    1   2.264   0.580  ALU0/Mmult_n00162 (ALU0/n0016<25>)
     LUT6:I5->O            6   0.205   1.109  ALU0/Mmux_out182 (aluout_25_OBUF)
     LUT6:I0->O           18   0.203   1.154  ALU0/zero<31>1_2 (ALU0/zero<31>12)
     LUT6:I4->O            1   0.203   0.000  Mmux_nPC_rs_lut<7> (Mmux_nPC_rs_lut<7>)
     MUXCY:S->O            1   0.172   0.000  Mmux_nPC_rs_cy<7> (Mmux_nPC_rs_cy<7>)
     MUXCY:CI->O           1   0.019   0.000  Mmux_nPC_rs_cy<8> (Mmux_nPC_rs_cy<8>)
     MUXCY:CI->O           1   0.019   0.000  Mmux_nPC_rs_cy<9> (Mmux_nPC_rs_cy<9>)
     MUXCY:CI->O           1   0.019   0.000  Mmux_nPC_rs_cy<10> (Mmux_nPC_rs_cy<10>)
     MUXCY:CI->O           1   0.019   0.000  Mmux_nPC_rs_cy<11> (Mmux_nPC_rs_cy<11>)
     MUXCY:CI->O           1   0.019   0.000  Mmux_nPC_rs_cy<12> (Mmux_nPC_rs_cy<12>)
     MUXCY:CI->O           1   0.019   0.000  Mmux_nPC_rs_cy<13> (Mmux_nPC_rs_cy<13>)
     MUXCY:CI->O           1   0.019   0.000  Mmux_nPC_rs_cy<14> (Mmux_nPC_rs_cy<14>)
     MUXCY:CI->O           1   0.019   0.000  Mmux_nPC_rs_cy<15> (Mmux_nPC_rs_cy<15>)
     MUXCY:CI->O           1   0.019   0.000  Mmux_nPC_rs_cy<16> (Mmux_nPC_rs_cy<16>)
     MUXCY:CI->O           1   0.019   0.000  Mmux_nPC_rs_cy<17> (Mmux_nPC_rs_cy<17>)
     MUXCY:CI->O           1   0.019   0.000  Mmux_nPC_rs_cy<18> (Mmux_nPC_rs_cy<18>)
     MUXCY:CI->O           1   0.019   0.000  Mmux_nPC_rs_cy<19> (Mmux_nPC_rs_cy<19>)
     MUXCY:CI->O           1   0.019   0.000  Mmux_nPC_rs_cy<20> (Mmux_nPC_rs_cy<20>)
     MUXCY:CI->O           1   0.019   0.000  Mmux_nPC_rs_cy<21> (Mmux_nPC_rs_cy<21>)
     MUXCY:CI->O           1   0.019   0.000  Mmux_nPC_rs_cy<22> (Mmux_nPC_rs_cy<22>)
     MUXCY:CI->O           1   0.019   0.000  Mmux_nPC_rs_cy<23> (Mmux_nPC_rs_cy<23>)
     MUXCY:CI->O           1   0.019   0.000  Mmux_nPC_rs_cy<24> (Mmux_nPC_rs_cy<24>)
     MUXCY:CI->O           1   0.019   0.000  Mmux_nPC_rs_cy<25> (Mmux_nPC_rs_cy<25>)
     MUXCY:CI->O           1   0.019   0.000  Mmux_nPC_rs_cy<26> (Mmux_nPC_rs_cy<26>)
     MUXCY:CI->O           1   0.019   0.000  Mmux_nPC_rs_cy<27> (Mmux_nPC_rs_cy<27>)
     MUXCY:CI->O           1   0.019   0.000  Mmux_nPC_rs_cy<28> (Mmux_nPC_rs_cy<28>)
     MUXCY:CI->O           1   0.019   0.000  Mmux_nPC_rs_cy<29> (Mmux_nPC_rs_cy<29>)
     MUXCY:CI->O           0   0.019   0.000  Mmux_nPC_rs_cy<30> (Mmux_nPC_rs_cy<30>)
     XORCY:CI->O           1   0.180   0.000  Mmux_nPC_rs_xor<31> (nPC<31>)
     FDR:D                     0.102          pc/currPC_31
    ----------------------------------------
    Total                     17.134ns (11.501ns logic, 5.633ns route)
                                       (67.1% logic, 32.9% route)

=========================================================================
Timing constraint: Default OFFSET IN BEFORE for Clock 'clk'
  Total number of paths / destination ports: 1339 / 1339
-------------------------------------------------------------------------
Offset:              4.918ns (Levels of Logic = 2)
  Source:            rst (PAD)
  Destination:       dm/Mram_memory1 (RAM)
  Destination Clock: clk rising

  Data Path: rst to dm/Mram_memory1
                                Gate     Net
    Cell:in->out      fanout   Delay   Delay  Logical Name (Net Name)
    ----------------------------------------  ------------
     IBUF:I->O          1332   1.222   2.391  rst_IBUF (rst_IBUF)
     LUT2:I0->O            8   0.203   0.802  dm/Mmux_BUS_000111 (dm/BUS_0001)
     RAMB16BWER:WEA2           0.300          dm/Mram_memory1
    ----------------------------------------
    Total                      4.918ns (1.725ns logic, 3.193ns route)
                                       (35.1% logic, 64.9% route)

=========================================================================
Timing constraint: Default OFFSET OUT AFTER for Clock 'clk'
  Total number of paths / destination ports: 3621078 / 548
-------------------------------------------------------------------------
Offset:              19.633ns (Levels of Logic = 8)
  Source:            PIPE1/alusrc_out_ID_EXE_1 (FF)
  Destination:       zero (PAD)
  Source Clock:      clk rising

  Data Path: PIPE1/alusrc_out_ID_EXE_1 to zero
                                Gate     Net
    Cell:in->out      fanout   Delay   Delay  Logical Name (Net Name)
    ----------------------------------------  ------------
     FDR:C->Q             17   0.447   1.028  PIPE1/alusrc_out_ID_EXE_1 (PIPE1/alusrc_out_ID_EXE_1)
     LUT3:I2->O            5   0.205   0.714  Mmux_rdata2_imm_ID_EXE321 (rdata2_imm_ID_EXE_9_OBUF)
     DSP48A1:B9->P47      18   4.394   1.049  ALU0/Mmult_n0016 (ALU0/Mmult_n0016_P47_to_Mmult_n00161)
     DSP48A1:C30->PCOUT47    1   2.689   0.000  ALU0/Mmult_n00161 (ALU0/Mmult_n00161_PCOUT_to_Mmult_n00162_PCIN_47)
     DSP48A1:PCIN47->P2    1   2.264   0.580  ALU0/Mmult_n00162 (ALU0/n0016<19>)
     LUT6:I5->O            6   0.205   1.109  ALU0/Mmux_out112 (aluout_19_OBUF)
     LUT6:I0->O           18   0.203   1.394  ALU0/zero<31>6 (ALU0/zero<31>5)
     LUT5:I0->O            1   0.203   0.579  ALU0/zero<31>7 (zero_OBUF)
     OBUF:I->O                 2.571          zero_OBUF (zero)
    ----------------------------------------
    Total                     19.633ns (13.181ns logic, 6.452ns route)
                                       (67.1% logic, 32.9% route)

=========================================================================

Cross Clock Domains Report:
--------------------------

Clock to Setup on destination clock clk
---------------+---------+---------+---------+---------+
               | Src:Rise| Src:Fall| Src:Rise| Src:Fall|
Source Clock   |Dest:Rise|Dest:Rise|Dest:Fall|Dest:Fall|
---------------+---------+---------+---------+---------+
clk            |   17.134|         |         |         |
---------------+---------+---------+---------+---------+

=========================================================================


Total REAL time to Xst completion: 18.00 secs
Total CPU time to Xst completion: 17.21 secs
 
--> 

Total memory usage is 285464 kilobytes

Number of errors   :    0 (   0 filtered)
Number of warnings :   15 (   0 filtered)
Number of infos    :    7 (   0 filtered)

